=== 1. P+nohist+trust2 K3 30d ===
[0.0s] Dataset: /home/iskandar/Alan/TesisRepo/scenario_dataset_klaster12_4x.json
[0.0s] Lengan: tag=master_ev_ppo_pref_feat_nohist_trust2_vwf_seimbang4x_K3_gap_sig1 (perspektif-EV, PPOTrainer standar, V(s) atensi tunggal, pref=True pref_feature_mode=True alpha_trust=2.0 forecaster=vwf)
[0.0s] Anggaran: n_updates=300 rollout_steps=96 k=3 n_critics=3
[0.0s] === PELATIHAN MasterEV-PPO (3 seed) ===
[0.0s]   seed=0 -- mulai training
[110.4s]   seed=0 -- SELESAI
[110.4s]   seed=1 -- mulai training
[215.0s]   seed=1 -- SELESAI
[215.0s]   seed=2 -- mulai training
[315.6s]   seed=2 -- SELESAI
[315.6s] Pelatihan selesai (3 seed)
[315.6s] === Evaluasi vs greedy_queue/greedy_util (10 seed) ===
[564.3s] MasterEV-PPO=0.0517  greedy_queue=0.0900  greedy_util=0.0926
[564.3s] p_vs_gq=0.0020 d=-3.328  p_vs_gu=0.0020 d=-3.639  spread_antar_seed=0.0305
[564.3s] === SEMUA SELESAI (MasterEV-PPO) ===
=== 2. P+nohist+trust2 K3 90d ===
[0.0s] Dataset: scenario_dataset_klaster12_4x_90d.json
[0.0s] Lengan: tag=master_ev_ppo_pref_feat_nohist_trust2_vwf_seimbang4x_K3_gap_sig1_90d (perspektif-EV, PPOTrainer standar, V(s) atensi tunggal, pref=True pref_feature_mode=True alpha_trust=2.0 forecaster=vwf)
[0.0s] Anggaran: n_updates=300 rollout_steps=96 k=3 n_critics=3
[0.0s] === PELATIHAN MasterEV-PPO (3 seed) ===
[0.0s]   seed=0 -- mulai training
[98.7s]   seed=0 -- SELESAI
[98.7s]   seed=1 -- mulai training
[205.4s]   seed=1 -- SELESAI
[205.4s]   seed=2 -- mulai training
[311.0s]   seed=2 -- SELESAI
[311.0s] Pelatihan selesai (3 seed)
[311.0s] === Evaluasi vs greedy_queue/greedy_util (10 seed) ===
[1075.9s] MasterEV-PPO=0.0744  greedy_queue=0.0894  greedy_util=0.0976
[1075.9s] p_vs_gq=0.0020 d=-5.096  p_vs_gu=0.0020 d=-6.159  spread_antar_seed=0.0104
[1075.9s] === SEMUA SELESAI (MasterEV-PPO) ===
=== SELESAI ===
